-0.01, 0.31
-0.02, 0.31
-0.01, 0.31
-0.01, 0.31
-0.01, 0.31
-0.02, 0.31
-0.02, 0.31
-0.01, 0.31
-0.02, 0.31
-0.02, 0.31
-0.02, 0.31
-0.02, 0.31
-0.02, 0.31
-0.01, 0.31
-0.02, 0.31
-0.02, 0.31
-0.02, 0.31
-0.01, 0.31
-0.02, 0.31
-0.01, 0.31
-0.02, 0.31
-0.01, 0.31
-0.01, 0.31
-0.02, 0.31
-0.01, 0.31
-0.02, 0.31
-0.02, 0.31
-0.02, 0.31
-0.01, 0.31
-0.02, 0.31
-0.02, 0.31
-0.02, 0.31
-0.02, 0.31
-0.02, 0.31
-0.02, 0.31
-0.02, 0.31
-0.02, 0.31
-0.02, 0.31
-0.02, 0.31
-0.02, 0.31
-0.02, 0.31
-0.02, 0.31
-0.02, 0.31
-0.02, 0.31
-0.02, 0.31
-0.02, 0.31
-0.01, 0.31
-0.01, 0.31
-0.02, 0.31
-0.02, 0.31
-0.02, 0.31
-0.02, 0.31
-0.02, 0.31
-0.02, 0.31
-0.01, 0.31
-0.01, 0.31
-0.01, 0.31
-0.02, 0.31
-0.02, 0.31
-0.02, 0.31
-0.01, 0.31
-0.02, 0.31
-0.02, 0.31
-0.02, 0.31
-0.01, 0.31
-0.01, 0.31
-0.02, 0.31
-0.02, 0.31
-0.01, 0.31
-0.02, 0.31
-0.02, 0.31
-0.01, 0.31
-0.02, 0.31
-0.02, 0.31
-0.01, 0.31
-0.02, 0.31
-0.02, 0.31
-0.02, 0.31
-0.01, 0.31
-0.02, 0.31
-0.02, 0.31
-0.01, 0.31
-0.02, 0.31
-0.02, 0.31
-0.02, 0.31
-0.02, 0.31
-0.01, 0.31
-0.02, 0.31
-0.02, 0.31
-0.02, 0.31
-0.02, 0.31
-0.02, 0.31
-0.01, 0.31
-0.02, 0.31
-0.02, 0.31
-0.02, 0.31
-0.02, 0.31
-0.01, 0.31
-0.01, 0.31
-0.02, 0.31
-0.02, 0.31
-0.02, 0.31
-0.02, 0.31
-0.01, 0.31
-0.02, 0.31
-0.02, 0.31
-0.02, 0.31
-0.02, 0.31
-0.02, 0.31
-0.02, 0.31
-0.02, 0.31
-0.02, 0.31
-0.02, 0.31
-0.02, 0.38
0.00, 0.62
0.05, 0.86
0.07, 1.02
0.08, 1.10
0.08, 1.10
0.02, 1.09
0.19, 1.12
0.42, 1.72
0.60, 2.40
0.60, 2.83
0.62, 3.37
0.62, 3.88
0.58, 4.46
0.57, 5.15
0.57, 5.54
0.50, 5.61
0.48, 5.68
0.51, 5.68
0.50, 5.68
0.52, 5.68
0.55, 5.69
0.54, 5.69
0.56, 5.70
0.43, 5.69
0.43, 5.69
0.44, 5.77
0.39, 5.77
0.44, 5.62
0.46, 5.62
0.48, 5.62
0.51, 5.55
0.51, 5.55
0.50, 5.47
0.59, 6.02
0.83, 8.94
0.81, 13.77
1.00, 21.45
1.36, 30.43
0.98, 38.86
1.33, 48.32
1.53, 60.00
0.97, 71.60
1.84, 84.07
1.69, 96.80
2.87, 109.14
3.23, 121.41
3.45, 135.03
4.91, 147.06
6.29, 159.56
8.07, 170.34
9.14, 180.27
9.87, 188.84
10.18, 194.17
11.10, 198.96
11.53, 203.55
11.83, 211.17
12.54, 219.41
12.91, 225.76
13.64, 230.66
14.38, 236.81
14.74, 242.62
14.69, 248.34
14.83, 254.03
15.18, 259.59
15.11, 264.80
15.00, 269.01
14.88, 272.16
14.64, 275.14
14.60, 277.47
14.76, 278.52
14.46, 278.97
13.90, 279.01
13.23, 278.98
12.65, 279.18
12.56, 279.18
12.55, 279.27
12.60, 279.28
12.68, 279.37
12.69, 279.37
12.62, 279.36
12.58, 279.35
12.67, 279.37
12.76, 279.39
12.71, 279.38
12.85, 276.08
12.86, 273.08
12.98, 270.45
13.19, 267.48
13.53, 264.76
14.50, 264.15
15.12, 256.09
15.19, 246.15
15.23, 237.09
15.18, 226.86
15.27, 215.11
15.26, 204.52
15.30, 191.98
15.16, 179.09
15.05, 167.49
14.94, 153.63
14.81, 139.04
14.70, 125.42
14.53, 111.45
14.35, 98.05
14.22, 84.26
14.01, 70.73
13.86, 57.22
13.70, 43.71
13.58, 31.02
13.44, 16.89
13.23, 2.30
12.90, -7.10
12.78, -10.70
12.63, -10.88
12.99, -12.82
13.22, -12.88
13.32, -13.13
13.51, -13.18
13.70, -13.46
13.60, -15.28
13.13, -20.18
12.98, -21.39
12.74, -21.43
12.44, -21.00
12.13, -19.26
11.82, -16.47
11.70, -12.53
11.80, -6.48
11.82, -3.30
11.75, -1.01
11.80, 0.67
11.82, 1.14
11.79, 1.79
11.76, 2.30
11.77, 2.69
11.81, 3.09
11.88, 3.65
12.00, 4.33
12.15, 5.41
12.21, 6.31
12.19, 7.28
12.25, 8.21
12.29, 9.12
12.39, 10.11
12.47, 11.33
12.52, 12.54
12.63, 13.79
12.68, 15.01
12.77, 16.04
12.85, 16.83
12.89, 17.38
12.89, 17.69
12.86, 18.07
12.86, 18.38
12.88, 18.62
12.88, 18.85
12.88, 19.24
12.92, 19.64
13.00, 19.96
13.06, 20.21
13.09, 20.29
13.11, 20.37
13.08, 20.36
13.06, 20.44
13.06, 20.44
13.07, 20.44
13.06, 20.44
13.08, 20.44
13.06, 20.44
13.06, 20.44
13.05, 20.44
13.03, 20.43
13.02, 20.47
13.01, 20.47
12.99, 20.47
12.97, 20.54
12.96, 20.61
12.93, 20.61
12.90, 20.61
12.86, 20.60
12.86, 20.64
12.89, 20.64
12.95, 20.65
12.97, 20.66
12.88, 20.65
12.94, 20.67
13.03, 20.76
13.15, 20.85
13.22, 20.96
13.32, 20.97
13.44, 20.99
13.56, 21.01
13.67, 21.02
13.73, 21.03
13.76, 21.07
13.76, 21.07
13.76, 21.07
13.75, 21.07
13.75, 21.07
13.75, 21.11
13.74, 21.11
13.73, 21.11
13.70, 21.11
13.49, 21.16
13.08, 21.61
12.57, 22.63
11.88, 24.50
11.32, 26.95
10.37, 30.16
9.42, 33.42
7.74, 37.60
5.65, 42.41
2.95, 47.64
0.24, 53.73
-3.11, 59.96
-7.32, 66.20
-12.40, 72.18
-17.77, 77.55
-24.26, 81.35
-32.01, 83.97
-39.71, 87.17
-47.49, 89.89
-54.68, 92.34
-61.45, 94.83
-68.55, 99.30
-75.72, 103.27
-83.24, 108.16
-94.15, 120.16
-100.83, 123.96
-108.47, 127.61
-116.46, 131.35
-125.31, 134.55
-133.91, 137.54
-142.65, 140.62
-151.70, 143.11
-159.58, 144.59
-168.60, 146.62
-177.12, 147.21
-185.15, 148.59
-192.86, 150.07
-200.29, 151.89
-208.01, 154.76
-216.09, 158.44
-225.20, 163.42
-233.68, 167.28
-242.66, 171.15
-252.16, 173.95
-261.77, 175.63
-271.93, 177.25
-281.52, 178.48
-291.90, 180.26
-301.65, 181.94
-312.09, 183.48
-321.78, 184.56
-331.99, 186.12
-341.59, 187.22
-351.86, 188.82
-361.98, 190.52
-373.16, 192.94
-383.44, 195.67
-394.53, 198.44
-404.80, 201.28
-415.74, 204.18
-426.88, 206.75
-437.54, 209.05
-448.72, 211.73
-459.05, 214.20
-466.92, 218.06
-473.00, 224.24
-479.62, 230.47
-484.12, 236.11
-483.82, 238.77
-483.57, 239.85
-484.08, 240.59
-484.31, 241.32
-484.27, 241.55
-485.27, 242.09
-488.05, 243.42
-488.83, 243.94
-489.56, 244.18
-490.94, 245.34
-492.09, 246.41
-493.07, 247.39
-494.03, 248.25
-494.85, 248.95
-495.67, 249.92
-496.44, 250.71
-496.58, 250.85
-496.52, 250.90
-496.51, 250.92
-496.46, 250.84
-496.60, 250.37
-496.99, 249.57
-497.33, 248.88
-497.25, 248.86
-496.60, 248.63
-495.69, 248.64
-494.52, 249.27
-493.78, 249.48
-492.99, 249.61
-492.40, 249.36
-491.84, 249.57
-491.05, 249.88
-490.07, 250.05
-489.13, 250.43
-488.17, 250.73
-487.23, 251.01
-486.44, 250.93
-485.71, 250.82
-485.56, 250.77
-485.57, 250.76
-485.53, 250.74
-485.54, 250.73
-485.55, 250.68
-485.53, 250.70
-485.58, 250.60
-485.58, 250.59
-485.60, 250.55
-485.53, 250.52
-485.40, 250.61
-485.40, 250.64
-485.30, 250.93
-485.29, 250.93
-485.32, 250.85
-485.33, 250.80
-485.32, 250.85
-485.29, 250.93
-485.29, 250.92
-485.32, 250.84
-485.34, 250.79
-485.32, 250.85
-485.31, 250.87
-485.31, 250.87
-485.31, 250.88
-485.31, 250.87
-485.31, 250.86
-485.32, 250.85
-485.32, 250.85
-485.31, 250.87
-485.30, 250.89
-485.30, 250.89
-485.32, 250.85
-485.33, 250.82
-485.33, 250.83
-485.32, 250.85
-485.31, 250.88
-485.31, 250.88
-485.31, 250.88
-485.31, 250.87
-485.31, 250.87
-485.31, 250.88
-485.31, 250.88
-485.31, 250.88
-485.30, 250.89
-484.82, 250.63
-482.15, 249.18
-478.42, 247.15
-472.94, 244.20
-465.86, 240.47
-458.03, 236.33
-449.33, 231.67
-439.69, 226.43
-428.56, 220.33
-417.96, 214.48
-406.81, 208.35
-394.51, 201.56
-383.27, 195.31
-371.45, 188.77
-359.31, 182.10
-348.14, 175.90
-335.81, 168.98
-323.64, 162.28
-312.48, 156.34
-303.46, 152.08
-294.32, 148.93
-285.69, 148.52
-277.20, 151.07
-268.88, 156.01
-259.54, 162.46
-246.98, 172.67
-235.48, 182.56
-222.71, 192.25
-211.31, 201.27
-202.55, 211.30
-195.70, 222.98
-190.15, 233.65
-186.30, 246.87
-184.65, 258.54
-183.95, 270.23
-184.03, 281.76
-185.87, 293.23
-189.25, 304.78
-193.43, 316.73
-198.18, 330.13
-202.77, 343.07
-207.17, 355.24
-212.32, 370.07
-216.19, 383.03
-220.19, 395.10
-224.84, 407.72
-229.77, 421.35
-234.27, 433.34
-239.53, 446.33
-244.96, 460.14
-250.38, 473.38
-255.50, 486.63
-260.52, 498.94
-264.83, 509.19
-270.37, 522.48
-274.94, 533.85
-279.42, 544.80
-282.92, 553.95
-285.55, 560.58
-286.43, 563.31
-286.23, 564.57
-286.94, 569.80
-286.35, 573.81
-284.85, 577.06
-281.27, 578.71
-275.55, 580.44
-269.00, 582.07
-261.64, 583.38
-253.28, 584.28
-243.82, 584.72
-234.96, 584.60
-225.61, 583.55
-217.15, 582.40
-210.39, 581.46
-205.36, 582.40
-201.40, 585.06
-198.46, 589.85
-196.80, 594.99
-195.62, 600.41
-194.34, 606.43
-193.15, 613.26
-192.12, 621.14
-191.43, 629.96
-189.51, 638.80
-187.45, 648.78
-185.87, 658.71
-184.40, 668.23
-182.83, 678.83
-181.74, 688.52
-181.15, 698.66
-180.52, 709.42
-179.93, 719.97
-179.66, 730.69
-179.47, 739.97
-178.97, 750.56
-178.10, 760.99
-177.17, 771.93
-176.09, 781.70
-174.70, 792.34
-173.35, 803.08
-172.22, 813.84
-171.64, 823.23
-171.44, 832.63
-172.10, 841.92
-172.83, 851.68
-174.48, 859.68
-176.12, 870.02
-177.99, 879.99
-180.01, 889.17
-182.07, 897.30
-184.45, 906.35
-187.33, 915.43
-190.58, 924.14
-194.07, 931.80
-198.38, 937.92
-203.46, 943.29
-209.10, 948.12
-214.72, 951.71
-220.87, 954.00
-226.96, 954.94
-233.34, 955.00
-239.24, 954.62
-244.02, 954.80
-249.90, 953.26
-255.57, 952.52
-261.22, 951.53
-267.52, 950.20
-273.86, 947.90
-279.35, 944.28
-283.94, 939.43
-287.83, 934.01
-291.10, 927.61
-293.82, 920.53
-295.35, 913.21
-296.40, 905.38
-296.46, 897.86
-296.32, 890.86
-295.25, 885.14
-294.19, 880.42
-293.11, 876.30
-291.87, 872.43
-290.83, 868.75
-289.59, 865.76
-288.32, 862.97
-287.34, 860.53
-286.18, 858.10
-285.03, 856.27
-284.05, 854.82
-283.36, 853.78
-282.86, 853.23
-282.62, 853.07
-282.71, 853.62
-283.15, 854.67
-283.78, 856.90
-284.78, 860.09
-285.64, 863.01
-286.21, 864.92
-286.47, 865.94
-286.67, 866.51
-286.81, 866.94
-287.30, 867.49
-287.52, 867.92
-287.58, 868.12
-287.64, 868.31
-290.22, 868.47
-293.51, 868.43
-296.88, 868.12
-301.11, 867.80
-305.64, 867.44
-310.53, 866.73
-316.93, 866.07
-323.04, 866.62
-328.85, 867.11
-334.24, 867.36
-339.28, 867.59
-343.23, 867.94
-346.46, 868.25
-349.25, 868.53
-351.84, 868.63
-353.92, 868.50
-355.17, 868.50
-356.11, 868.78
-356.87, 869.42
-357.27, 870.06
-357.35, 870.08
-357.35, 870.07
-357.45, 870.20
-357.57, 870.34
-357.61, 870.48
-357.62, 870.53
-357.61, 870.50
-357.68, 870.46
-357.76, 870.47
-357.77, 870.57
-358.49, 871.29
-360.57, 872.37
-364.29, 873.13
-368.33, 873.73
-372.90, 873.84
-378.26, 873.93
-383.78, 874.23
-389.71, 874.15
-395.53, 874.04
-401.52, 873.77
-406.77, 873.76
-412.14, 873.93
-417.12, 874.06
-421.91, 873.90
-425.96, 873.78
-429.58, 873.48
-432.81, 873.39
-435.17, 873.44
-436.05, 873.83
-436.20, 874.16
-436.30, 874.30
-436.31, 874.33
-436.30, 874.27
-436.06, 874.27
-435.84, 874.34
-435.78, 874.47
-435.77, 874.45
-435.76, 874.39
-435.75, 874.36
-435.77, 874.50
-435.76, 874.46
-435.77, 874.50
-435.77, 874.50
-435.75, 874.45
-435.76, 874.49
-435.76, 874.49
-435.77, 874.50
-435.77, 874.51
-435.77, 874.50
-435.77, 874.51
-435.77, 874.56
-435.76, 874.48
-435.76, 874.48
-435.76, 874.49
-435.76, 874.49
-435.76, 874.49
-435.77, 874.56
-435.74, 874.41
-435.72, 874.33
-435.60, 873.88
-435.33, 872.31
-434.72, 869.65
-433.99, 866.22
-433.18, 862.99
-432.17, 859.40
-431.19, 856.35
-430.24, 853.70
-429.36, 851.50
-428.47, 849.27
-427.81, 847.91
-427.22, 846.78
-426.68, 845.81
-425.85, 844.10
-425.23, 842.73
-425.33, 841.19
-426.02, 840.02
-429.40, 838.10
-431.06, 836.71
-432.97, 834.95
-434.82, 832.94
-436.79, 830.31
-439.67, 827.34
-442.99, 824.29
-445.75, 821.14
-448.51, 817.94
-452.03, 813.80
-456.11, 808.35
-459.91, 802.66
-463.28, 797.36
-467.15, 791.32
-470.21, 785.65
-472.91, 779.50
-475.91, 772.53
-478.39, 765.84
-480.32, 758.90
-481.53, 752.50
-482.44, 746.20
-483.12, 740.15
-485.29, 733.55
-486.21, 726.41
-486.93, 719.08
-487.50, 712.03
-487.59, 705.75
-487.26, 699.49
-486.99, 691.67
-486.55, 683.86
-485.91, 676.68
-485.45, 669.10
-484.12, 662.87
-482.87, 656.67
-482.53, 648.11
-482.44, 640.18
-482.78, 632.04
-483.50, 624.69
-484.63, 617.02
-486.36, 608.94
-488.16, 600.87
-490.07, 593.06
-491.95, 584.72
-493.63, 576.97
-494.97, 569.66
-496.52, 561.46
-498.09, 553.27
-499.57, 545.25
-500.87, 537.10
-502.19, 529.17
-503.49, 521.87
-504.94, 513.64
-506.35, 505.81
-507.92, 498.04
-509.48, 489.84
-511.00, 482.16
-512.62, 473.64
-514.11, 465.21
-515.76, 457.31
-517.35, 449.22
-518.83, 441.42
-520.56, 433.50
-nan, nan
-nan, nan
-nan, nan
-nan, nan
-nan, nan
-nan, nan
-nan, nan
-nan, nan
-nan, nan
-nan, nan
-nan, nan
-nan, nan
-nan, nan
-nan, nan
-nan, nan
-nan, nan
-nan, nan
-nan, nan       
-nan, nan
-nan, nan
-nan, nan
-nan, nan
-nan, nan
-nan, nan
-nan, nan
-nan, nan
-nan, nan
-nan, nan
-nan, nan
-nan, nan
-nan, nan
-nan, nan
-nan, nan
-nan, nan
-nan, nan
-nan, nan
-nan, nan
-nan, nan
-nan, nan
-nan, nan
-nan, nan
-nan, nan
-nan, nan
-nan, nan
-nan, nan
-nan, nan
-nan, nan
-nan, nan
-nan, nan
-nan, nan
-nan, nan
-nan, nan
-nan, nan
-nan, nan
-nan, nan
-nan, nan
-nan, nan
-nan, nan
-nan, nan
-nan, nan
-nan, nan
-nan, nan
-nan, nan
-nan, nan
-nan, nan
-nan, nan
-nan, nan
-nan, nan
-nan, nan
-nan, nan
-nan, nan
-nan, nan
-nan, nan
-nan, nan
-nan, nan
-nan, nan
-nan, nan
-nan, nan
-nan, nan
-nan, nan
-nan, nan
-nan, nan
-nan, nan
-nan, nan
-nan, nan
-nan, nan
-nan, nan
-nan, nan
-nan, nan
-nan, nan
-nan, nan
-nan, nan
-nan, nan
-nan, nan
-nan, nan
-nan, nan
-nan, nan
-nan, nan
-nan, nan
-nan, nan
-nan, nan
-nan, nan
-nan, nan
-nan, nan
-nan, nan
-nan, nan
-nan, nan
-nan, nan
-nan, nan
-nan, nan
-nan, nan
-nan, nan
-nan, nan
-nan, nan
-nan, nan
-nan, nan
-nan, nan
-nan, nan
-nan, nan
-nan, nan
-nan, nan
-nan, nan
-nan, nan
-nan, nan
-nan, nan
-nan, nan
-nan, nan
-nan, nan
-nan, nan
-nan, nan
-nan, nan
-nan, nan
-nan, nan
-nan, nan
-nan, nan
-nan, nan
-nan, nan
-nan, nan
-nan, nan
-nan, nan
-nan, nan
-nan, nan
-nan, nan
-nan, nan
-nan, nan
-nan, nan
-nan, nan
-nan, nan
-nan, nan
-nan, nan
-nan, nan
-nan, nan
-nan, nan
-nan, nan
-nan, nan
-nan, nan
-nan, nan
-nan, nan
-nan, nan
-nan, nan
-nan, nan
-nan, nan
-nan, nan
-nan, nan
-nan, nan
-nan, nan
-nan, nan
-nan, nan
-nan, nan
-nan, nan
-nan, nan
-nan, nan
-nan, nan
-nan, nan
-nan, nan
-nan, nan
-nan, nan
-nan, nan
-nan, nan
-nan, nan
-nan, nan
-nan, nan
-nan, nan
-nan, nan
-nan, nan
-nan, nan
-nan, nan
-nan, nan
-nan, nan
-nan, nan
-nan, nan
-nan, nan
-nan, nan
-nan, nan
-nan, nan
-nan, nan
-nan, nan
-nan, nan
-nan, nan
-nan, nan
-nan, nan
-nan, nan
-nan, nan
-nan, nan
-nan, nan
-nan, nan
-nan, nan
-nan, nan
-nan, nan
-nan, nan
-nan, nan
-nan, nan
-nan, nan
-nan, nan
-nan, nan
-nan, nan
-nan, nan
-nan, nan
-nan, nan
-nan, nan
-nan, nan
-nan, nan
-nan, nan
-nan, nan
-nan, nan
-nan, nan
-nan, nan
-nan, nan
-nan, nan
-nan, nan
-nan, nan
-nan, nan
-nan, nan
-nan, nan
-nan, nan
-nan, nan
-nan, nan
-nan, nan
-nan, nan
-nan, nan
-nan, nan
-nan, nan
-nan, nan
-nan, nan
-nan, nan
-nan, nan
-nan, nan
-nan, nan
-nan, nan
-nan, nan
-nan, nan
-nan, nan
-nan, nan
-nan, nan
-nan, nan
-nan, nan
-nan, nan
-nan, nan
-nan, nan
-nan, nan
-nan, nan
-nan, nan
-nan, nan
-nan, nan
-nan, nan
-nan, nan
-nan, nan
-nan, nan
-nan, nan
-nan, nan
-nan, nan
-nan, nan
-nan, nan
-nan, nan
-nan, nan
-nan, nan
-nan, nan
-nan, nan
-nan, nan
-nan, nan
-nan, nan
-nan, nan
-nan, nan
-nan, nan
-nan, nan
-nan, nan
-nan, nan
-nan, nan
-nan, nan
-nan, nan
-nan, nan
-nan, nan
-nan, nan
-nan, nan
-nan, nan
-nan, nan
-nan, nan
-nan, nan
-nan, nan
-nan, nan
-nan, nan
-nan, nan
-nan, nan
-nan, nan
-nan, nan
-nan, nan
-nan, nan
-nan, nan
-nan, nan
-nan, nan
-nan, nan
-nan, nan
-nan, nan
-nan, nan
-nan, nan
-nan, nan
-nan, nan
-nan, nan
-nan, nan
-nan, nan
-nan, nan
-nan, nan
-nan, nan
-nan, nan
-nan, nan
-nan, nan
-nan, nan
-nan, nan
-nan, nan
-nan, nan
-nan, nan
-nan, nan
-nan, nan
-nan, nan
-nan, nan
-nan, nan
-nan, nan
-nan, nan
-nan, nan
-nan, nan
-nan, nan
-nan, nan
-nan, nan
-nan, nan
-nan, nan
-nan, nan
-nan, nan
-nan, nan
-nan, nan
-nan, nan
-nan, nan
-nan, nan
-nan, nan
-nan, nan
-nan, nan
-nan, nan
-nan, nan
-nan, nan
-nan, nan
-nan, nan
-nan, nan
-nan, nan
-nan, nan
-nan, nan
-nan, nan
-nan, nan
-nan, nan
-nan, nan
-nan, nan
-nan, nan
-nan, nan
-nan, nan
-nan, nan
-nan, nan
-nan, nan
-nan, nan
-nan, nan
-nan, nan
-nan, nan
-nan, nan
-nan, nan
-nan, nan
-nan, nan
-nan, nan
-nan, nan
-nan, nan
-nan, nan
-nan, nan
-nan, nan
-nan, nan
-nan, nan
-nan, nan
-nan, nan
-nan, nan
-nan, nan
-nan, nan
-nan, nan
-nan, nan
-nan, nan
-nan, nan
-nan, nan
-nan, nan
-nan, nan
-nan, nan
-nan, nan
-nan, nan
-nan, nan
-nan, nan
-nan, nan
-nan, nan
-nan, nan
-nan, nan
-nan, nan
-nan, nan
-nan, nan
-nan, nan
-nan, nan
-nan, nan
-nan, nan
-nan, nan
-nan, nan
-nan, nan
-nan, nan
-nan, nan
-nan, nan
-nan, nan
-nan, nan
-nan, nan
-nan, nan
-nan, nan
-nan, nan
-nan, nan
-nan, nan
-nan, nan
-nan, nan
-nan, nan
-nan, nan
-nan, nan
-nan, nan
-nan, nan
-nan, nan
-nan, nan
-nan, nan
-nan, nan
-nan, nan
-nan, nan
-nan, nan
-nan, nan
-nan, nan
-nan, nan
-nan, nan
-nan, nan
-nan, nan
-nan, nan
-nan, nan
-nan, nan
-nan, nan
-nan, nan
-nan, nan
-nan, nan
-nan, nan
-nan, nan
-nan, nan
-nan, nan
-nan, nan
-nan, nan
-nan, nan
-nan, nan
-nan, nan
-nan, nan
-nan, nan
-nan, nan
-nan, nan
-nan, nan
-nan, nan
-nan, nan
-nan, nan
-nan, nan
-nan, nan
-nan, nan
-nan, nan
-nan, nan
-nan, nan
-nan, nan
-nan, nan
-nan, nan
-nan, nan
-nan, nan
-nan, nan
-nan, nan
-nan, nan
-nan, nan
-nan, nan
-nan, nan
-nan, nan
-nan, nan
-nan, nan
-nan, nan
-nan, nan
-nan, nan
-nan, nan
-nan, nan
-nan, nan
-nan, nan
-nan, nan
-nan, nan
-nan, nan
-nan, nan
-nan, nan
-nan, nan
-nan, nan
-nan, nan
-nan, nan
-nan, nan
-nan, nan
-nan, nan
-nan, nan
-nan, nan
-nan, nan
-nan, nan
-nan, nan
-nan, nan
-nan, nan
-nan, nan
-nan, nan
-nan, nan
-nan, nan
-nan, nan
-nan, nan
-nan, nan
-nan, nan
-nan, nan
-nan, nan
-nan, nan
-nan, nan
-nan, nan
-nan, nan
-nan, nan
-nan, nan
-nan, nan
-nan, nan
-nan, nan
-nan, nan
-nan, nan
-nan, nan
-nan, nan
-nan, nan
-nan, nan
-nan, nan
-nan, nan
-nan, nan
-nan, nan
-nan, nan
-nan, nan
-nan, nan
-nan, nan
-nan, nan
-nan, nan
-nan, nan
-nan, nan
-nan, nan
-nan, nan
-nan, nan
-nan, nan
-nan, nan
-nan, nan
-nan, nan
-nan, nan
-nan, nan
-nan, nan
-nan, nan
-nan, nan
-nan, nan
-nan, nan
-nan, nan
-nan, nan
-nan, nan
-nan, nan
-nan, nan
-nan, nan
-nan, nan
-nan, nan
-nan, nan
-nan, nan
-nan, nan
-nan, nan
-nan, nan
-nan, nan
-nan, nan
-nan, nan
-nan, nan
-nan, nan
-nan, nan
-nan, nan
-nan, nan
-nan, nan
-nan, nan
-nan, nan
-nan, nan
-nan, nan
-nan, nan
-nan, nan
-nan, nan
-nan, nan
-nan, nan
-nan, nan
-nan, nan
-nan, nan
-nan, nan
-nan, nan
-nan, nan
-nan, nan
-nan, nan
-nan, nan
-nan, nan
-nan, nan
-nan, nan
-nan, nan
-nan, nan
-nan, nan
-nan, nan
-nan, nan
-nan, nan
-nan, nan
-nan, nan
-nan, nan
-nan, nan
-nan, nan
-nan, nan
-nan, nan
-nan, nan
-nan, nan
-nan, nan
-nan, nan
-nan, nan
-nan, nan
-nan, nan
-nan, nan
-nan, nan
-nan, nan
-nan, nan
-nan, nan
-nan, nan
-nan, nan
-nan, nan
-nan, nan
-nan, nan
-nan, nan
-nan, nan
-nan, nan
-nan, nan
-nan, nan
-nan, nan
-nan, nan
-nan, nan
-nan, nan
-nan, nan
-nan, nan
-nan, nan
-nan, nan
-nan, nan
-nan, nan
-nan, nan
-nan, nan
-nan, nan
-nan, nan
-nan, nan
-nan, nan
-nan, nan
-nan, nan
-nan, nan
-nan, nan
-nan, nan
-nan, nan
-nan, nan
-nan, nan
-nan, nan
-nan, nan
-nan, nan
-nan, nan
-nan, nan
-nan, nan
-nan, nan
-nan, nan
-nan, nan
-nan, nan
-nan, nan
-nan, nan
-nan, nan
-nan, nan
-nan, nan
-nan, nan
-nan, nan
-nan, nan
-nan, nan
-nan, nan
-nan, nan
-nan, nan
-nan, nan
-nan, nan
-nan, nan
-nan, nan
-nan, nan
-nan, nan
-nan, nan
-nan, nan
-nan, nan
-nan, nan
-nan, nan
-nan, nan
-nan, nan
-nan, nan
-nan, nan
-nan, nan
-nan, nan
-nan, nan
-nan, nan
-nan, nan
-nan, nan
-nan, nan
-nan, nan
-nan, nan
-nan, nan
-nan, nan
-nan, nan
-nan, nan
-nan, nan
-nan, nan
-nan, nan
-nan, nan
-nan, nan
-nan, nan
-nan, nan
-nan, nan
-nan, nan
-nan, nan
-nan, nan
-nan, nan
-nan, nan
-nan, nan
-nan, nan
-nan, nan
-nan, nan
-nan, nan
-nan, nan
-nan, nan
-nan, nan
-nan, nan
-nan, nan
-nan, nan
-nan, nan
-nan, nan
-nan, nan
-nan, nan
-nan, nan
-nan, nan
-nan, nan
-nan, nan
-nan, nan
-nan, nan
-nan, nan
-nan, nan
-nan, nan
-nan, nan
-nan, nan
-nan, nan
-nan, nan
-nan, nan
-nan, nan
-nan, nan
-nan, nan
-nan, nan
-nan, nan
-nan, nan
-nan, nan
-nan, nan
-nan, nan
-nan, nan
-nan, nan
-nan, nan
-nan, nan
-nan, nan
-nan, nan
-nan, nan
-nan, nan
-nan, nan
-nan, nan
-nan, nan
-nan, nan
-nan, nan
-nan, nan
-nan, nan
-nan, nan
-nan, nan
-nan, nan
-nan, nan
-nan, nan
-nan, nan
-nan, nan
-nan, nan
-nan, nan
-nan, nan
-nan, nan
-nan, nan
-nan, nan
-nan, nan
-nan, nan
-nan, nan
-nan, nan
-nan, nan
-nan, nan
-nan, nan
-nan, nan
-nan, nan
-nan, nan
-nan, nan
-nan, nan
-nan, nan
-nan, nan
-nan, nan
-nan, nan
-nan, nan
-nan, nan
-nan, nan
-nan, nan
-nan, nan
-nan, nan
-nan, nan
-nan, nan
-nan, nan
-nan, nan
-nan, nan
-nan, nan
-nan, nan
-nan, nan
-nan, nan
-nan, nan
-nan, nan
-nan, nan
-nan, nan
-nan, nan
-nan, nan
-nan, nan
-nan, nan
-nan, nan
-nan, nan
-nan, nan
-nan, nan
-nan, nan
-nan, nan
-nan, nan
-nan, nan
-nan, nan
-nan, nan
-nan, nan
-nan, nan
-nan, nan
-nan, nan
-nan, nan
-nan, nan
-nan, nan
-nan, nan
-nan, nan
-nan, nan
-nan, nan
-nan, nan
-nan, nan
-nan, nan
-nan, nan
-nan, nan
-nan, nan
-nan, nan
-nan, nan
-nan, nan
-nan, nan
-nan, nan
-nan, nan
-nan, nan
-nan, nan
-nan, nan
-nan, nan
-nan, nan
-nan, nan
-nan, nan
-nan, nan
-nan, nan
-nan, nan
-nan, nan
-nan, nan
-nan, nan
-nan, nan
-nan, nan
-nan, nan
-nan, nan
-nan, nan
-nan, nan
-nan, nan
-nan, nan
-nan, nan
-nan, nan
-nan, nan
-nan, nan
-nan, nan
-nan, nan
-nan, nan
-nan, nan
-nan, nan
-nan, nan
-nan, nan
-nan, nan
-nan, nan
-nan, nan
-nan, nan
-nan, nan
-nan, nan
-nan, nan
-nan, nan
-nan, nan
-nan, nan
-nan, nan
-nan, nan
-nan, nan
-nan, nan
-nan, nan
-nan, nan
-nan, nan
-nan, nan
-nan, nan
-nan, nan
-nan, nan
-nan, nan
-nan, nan
-nan, nan
-nan, nan
-nan, nan
-nan, nan
-nan, nan
-nan, nan
-nan, nan
-nan, nan
-nan, nan
-nan, nan
-nan, nan
-nan, nan
-nan, nan
-nan, nan
-nan, nan
-nan, nan
-nan, nan
-nan, nan
-nan, nan
-nan, nan
-nan, nan
-nan, nan
-nan, nan
-nan, nan
-nan, nan
-nan, nan
-nan, nan
-nan, nan
-nan, nan
-nan, nan
-nan, nan
-nan, nan
-nan, nan
-nan, nan
-nan, nan
-nan, nan
-nan, nan
-nan, nan
-nan, nan
-nan, nan
-nan, nan
-nan, nan
-nan, nan
-nan, nan
-nan, nan
-nan, nan
-nan, nan
-nan, nan
-nan, nan
-nan, nan
-nan, nan
-nan, nan
-nan, nan
-nan, nan
-nan, nan
-nan, nan
-nan, nan
-nan, nan
-nan, nan
-nan, nan
-nan, nan
-nan, nan
-nan, nan
-nan, nan
-nan, nan
-nan, nan
-nan, nan
-nan, nan
-nan, nan
-nan, nan
-nan, nan
-nan, nan
-nan, nan
-nan, nan
-nan, nan
-nan, nan
-nan, nan
-nan, nan
-nan, nan
-nan, nan
-nan, nan
-nan, nan
-nan, nan
-nan, nan
-nan, nan
-nan, nan
-nan, nan
-nan, nan
-nan, nan
-nan, nan
-nan, nan
-nan, nan
-nan, nan
-nan, nan
-nan, nan
-nan, nan
-nan, nan
-nan, nan
-nan, nan
-nan, nan
-nan, nan
-nan, nan
-nan, nan
-nan, nan
-nan, nan
-nan, nan
-nan, nan
-nan, nan
-nan, nan
-nan, nan
-nan, nan
-nan, nan
-nan, nan
-nan, nan
-nan, nan
-nan, nan
-nan, nan
-nan, nan
-nan, nan
-nan, nan
-nan, nan
-nan, nan
-nan, nan
-nan, nan
-nan, nan
-nan, nan
-nan, nan
-nan, nan
-nan, nan
-nan, nan
-nan, nan
-nan, nan
-nan, nan
-nan, nan
-nan, nan
-nan, nan
-nan, nan
-nan, nan
-nan, nan
-nan, nan
-nan, nan
-nan, nan
-nan, nan
-nan, nan
-nan, nan
-nan, nan
-nan, nan
-nan, nan
-nan, nan
-nan, nan
-nan, nan
-nan, nan
-nan, nan
-nan, nan
-nan, nan
-nan, nan
-nan, nan
-nan, nan
-nan, nan
-nan, nan
-nan, nan
-nan, nan
-nan, nan
-nan, nan
-nan, nan
-nan, nan
-nan, nan
-nan, nan
-nan, nan
-nan, nan
-nan, nan
-nan, nan
-nan, nan
-nan, nan
-nan, nan
-nan, nan
-nan, nan
-nan, nan
-nan, nan
-nan, nan
-nan, nan
-nan, nan
-nan, nan
-nan, nan
-nan, nan
-nan, nan
-nan, nan
-nan, nan
-nan, nan
-nan, nan
-nan, nan
-nan, nan
-nan, nan
-nan, nan
-nan, nan
-nan, nan
-nan, nan
-nan, nan
-nan, nan
-nan, nan
-nan, nan
-nan, nan
-nan, nan
-nan, nan
-nan, nan
-nan, nan
-nan, nan
-nan, nan
-nan, nan
-nan, nan
-nan, nan
-nan, nan
-nan, nan
-nan, nan
-nan, nan
-nan, nan
-nan, nan
-nan, nan
-nan, nan
-nan, nan
-nan, nan
-nan, nan
-nan, nan
-nan, nan
-nan, nan
-nan, nan
-nan, nan
-nan, nan
-nan, nan
-nan, nan
-nan, nan
-nan, nan
-nan, nan
-nan, nan
-nan, nan
-nan, nan
-nan, nan
-nan, nan
-nan, nan
-nan, nan
-nan, nan
-nan, nan
-nan, nan
-nan, nan
-nan, nan
-nan, nan
-nan, nan
-nan, nan
-nan, nan
-nan, nan
-nan, nan
-nan, nan
-nan, nan
-nan, nan
-nan, nan
-nan, nan
-nan, nan
-nan, nan
-nan, nan
-nan, nan
-nan, nan
-nan, nan
-nan, nan
-nan, nan
-nan, nan
-nan, nan
-nan, nan
-nan, nan
-nan, nan
-nan, nan
-nan, nan
-nan, nan
-nan, nan
-nan, nan
-nan, nan
-nan, nan
-nan, nan
-nan, nan
-nan, nan
-nan, nan
-nan, nan
-nan, nan
-nan, nan
-nan, nan
-nan, nan
-nan, nan
-nan, nan
-nan, nan
-nan, nan
-nan, nan
-nan, nan
-nan, nan
-nan, nan
-nan, nan
-nan, nan
-nan, nan
-nan, nan
-nan, nan
-nan, nan
-nan, nan
-nan, nan
-nan, nan
-nan, nan
-nan, nan
-nan, nan
-nan, nan
-nan, nan
-nan, nan
-nan, nan
-nan, nan
-nan, nan
-nan, nan
-nan, nan
-nan, nan
-nan, nan
-nan, nan
-nan, nan
-nan, nan
-nan, nan
-nan, nan
-nan, nan
-nan, nan
-nan, nan
-nan, nan
-nan, nan
-nan, nan
-nan, nan
-nan, nan
-nan, nan
-nan, nan
-nan, nan
-nan, nan
-nan, nan
-nan, nan
-nan, nan
-nan, nan
-nan, nan
-nan, nan
-nan, nan
-nan, nan
-nan, nan
-nan, nan
-nan, nan
-nan, nan
-nan, nan
-nan, nan
-nan, nan
-nan, nan
-nan, nan
-nan, nan
-nan, nan
-nan, nan
-nan, nan
-nan, nan
-nan, nan
-nan, nan
-nan, nan
-nan, nan
-nan, nan
-nan, nan
-nan, nan
-nan, nan
-nan, nan
-nan, nan
-nan, nan
-nan, nan
-nan, nan
-nan, nan
-nan, nan
-nan, nan
-nan, nan
-nan, nan
-nan, nan
-nan, nan
-nan, nan
-nan, nan
-nan, nan
-nan, nan
-nan, nan
-nan, nan
-nan, nan
-nan, nan
-nan, nan
-nan, nan
-nan, nan
-nan, nan
-nan, nan
-nan, nan
-nan, nan
-nan, nan
-nan, nan
-nan, nan
-nan, nan
-nan, nan
-nan, nan
-nan, nan
-nan, nan
-nan, nan
-nan, nan
-nan, nan
-nan, nan
-nan, nan
-nan, nan
-nan, nan
-nan, nan
-nan, nan
-nan, nan
-nan, nan
-nan, nan
-nan, nan
-nan, nan
-nan, nan
-nan, nan
-nan, nan
-nan, nan
-nan, nan
-nan, nan
-nan, nan
-nan, nan
-nan, nan
-nan, nan
-nan, nan
-nan, nan
-nan, nan
-nan, nan
-nan, nan
-nan, nan
-nan, nan
-nan, nan
-nan, nan
-nan, nan
-nan, nan
-nan, nan
-nan, nan
-nan, nan
-nan, nan
-nan, nan
-nan, nan
-nan, nan
-nan, nan
-nan, nan
-nan, nan
-nan, nan
-nan, nan
-nan, nan
-nan, nan
-nan, nan
-nan, nan
-nan, nan
-nan, nan
-nan, nan
-nan, nan
-nan, nan
-nan, nan
-nan, nan
-nan, nan
-nan, nan
-nan, nan
-nan, nan
-nan, nan
-nan, nan
-nan, nan
-nan, nan
-nan, nan
-nan, nan
-nan, nan
-nan, nan
-nan, nan
-nan, nan
-nan, nan
-nan, nan
-nan, nan
-nan, nan
-nan, nan
-nan, nan
-nan, nan
-nan, nan
-nan, nan
-nan, nan
-nan, nan
-nan, nan
-nan, nan
-nan, nan
-nan, nan
-nan, nan
-nan, nan
-nan, nan
-nan, nan
-nan, nan
-nan, nan
-nan, nan
-nan, nan
-nan, nan
-nan, nan
-nan, nan
-nan, nan
-nan, nan
-nan, nan
-nan, nan
-nan, nan
-nan, nan
-nan, nan
-nan, nan
-nan, nan
-nan, nan
-nan, nan
-nan, nan
-nan, nan
-nan, nan
-nan, nan
-nan, nan
-nan, nan
-nan, nan
-nan, nan
-nan, nan
-nan, nan
-nan, nan
-nan, nan
-nan, nan
-nan, nan
-nan, nan
-nan, nan
-nan, nan
-nan, nan
-nan, nan
-nan, nan
-nan, nan
-nan, nan
-nan, nan
-nan, nan
-nan, nan
-nan, nan
-nan, nan
-nan, nan
-nan, nan
-nan, nan
-nan, nan
-nan, nan
-nan, nan
-nan, nan
-nan, nan
-nan, nan
-nan, nan
-nan, nan
-nan, nan
-nan, nan
-nan, nan
-nan, nan
-nan, nan
-nan, nan
-nan, nan
-nan, nan
-nan, nan
-nan, nan
-nan, nan
-nan, nan
-nan, nan
-nan, nan
-nan, nan
-nan, nan
-nan, nan
-nan, nan
-nan, nan
-nan, nan
-nan, nan
-nan, nan
-nan, nan
-nan, nan
-nan, nan
-nan, nan
-nan, nan
-nan, nan
-nan, nan
-nan, nan
-nan, nan
-nan, nan
-nan, nan
-nan, nan
-nan, nan
-nan, nan
-nan, nan
-nan, nan
-nan, nan
-nan, nan
-nan, nan
-nan, nan
-nan, nan
-nan, nan
-nan, nan
-nan, nan
-nan, nan
-nan, nan
-nan, nan
-nan, nan
-nan, nan
-nan, nan
-nan, nan
-nan, nan
-nan, nan
-nan, nan
-nan, nan
-nan, nan
-nan, nan
-nan, nan
-nan, nan
-nan, nan
-nan, nan
-nan, nan
-nan, nan
-nan, nan
-nan, nan
-nan, nan
-nan, nan
-nan, nan
-nan, nan
-nan, nan
-nan, nan
-nan, nan
-nan, nan
-nan, nan
-nan, nan
-nan, nan
-nan, nan
-nan, nan
-nan, nan
-nan, nan
-nan, nan
-nan, nan
-nan, nan
-nan, nan
-nan, nan
-nan, nan
-nan, nan
-nan, nan
-nan, nan
-nan, nan
-nan, nan
-nan, nan
-nan, nan
-nan, nan
-nan, nan
-nan, nan
-nan, nan
-nan, nan
-nan, nan
-nan, nan
-nan, nan
-nan, nan
-nan, nan
-nan, nan
-nan, nan
-nan, nan
-nan, nan
-nan, nan
-nan, nan
-nan, nan
-nan, nan
-nan, nan
-nan, nan
-nan, nan
-nan, nan
-nan, nan
-nan, nan
-nan, nan
-nan, nan
-nan, nan
-nan, nan
-nan, nan
-nan, nan
-nan, nan
-nan, nan
-nan, nan
-nan, nan
-nan, nan
-nan, nan
-nan, nan
-nan, nan
-nan, nan
-nan, nan
-nan, nan
-nan, nan
-nan, nan
-nan, nan
-nan, nan
-nan, nan
-nan, nan
-nan, nan
-nan, nan
-nan, nan
-nan, nan
-nan, nan
-nan, nan
-nan, nan
-nan, nan
-nan, nan
-nan, nan
-nan, nan
-nan, nan
-nan, nan
-nan, nan
-nan, nan
-nan, nan
-nan, nan
-nan, nan
-nan, nan
-nan, nan
-nan, nan
-nan, nan
-nan, nan
-nan, nan
-nan, nan
-nan, nan
-nan, nan
-nan, nan
-nan, nan
-nan, nan
-nan, nan
-nan, nan
-nan, nan
-nan, nan
-nan, nan
-nan, nan
-nan, nan
-nan, nan
-nan, nan
-nan, nan
-nan, nan
-nan, nan
-nan, nan
-nan, nan
-nan, nan
-nan, nan
-nan, nan
-nan, nan
-nan, nan
-nan, nan
-nan, nan
-nan, nan
-nan, nan
-nan, nan
-nan, nan
-nan, nan
-nan, nan
-nan, nan
-nan, nan
-nan, nan
-nan, nan
-nan, nan
-nan, nan
-nan, nan
-nan, nan
-nan, nan
-nan, nan
-nan, nan
-nan, nan
-nan, nan
-nan, nan
-nan, nan
-nan, nan
-nan, nan
-nan, nan
-nan, nan
-nan, nan
-nan, nan
-nan, nan
-nan, nan
-nan, nan
-nan, nan
-nan, nan
-nan, nan
-nan, nan
-nan, nan
-nan, nan
-nan, nan
-nan, nan
-nan, nan
-nan, nan
-nan, nan
-nan, nan
-nan, nan
-nan, nan
-nan, nan
-nan, nan
-nan, nan
-nan, nan
-nan, nan
-nan, nan
-nan, nan
-nan, nan
-nan, nan
-nan, nan
-nan, nan
-nan, nan
-nan, nan
-nan, nan
-nan, nan
-nan, nan
-nan, nan
-nan, nan
-nan, nan
-nan, nan
-nan, nan
-nan, nan
-nan, nan
-nan, nan
-nan, nan
-nan, nan
-nan, nan
-nan, nan
-nan, nan
-nan, nan
-nan, nan
-nan, nan
-nan, nan
-nan, nan
-nan, nan
-nan, nan
-nan, nan
-nan, nan
-nan, nan
-nan, nan
-nan, nan
-nan, nan
-nan, nan
-nan, nan
-nan, nan
-nan, nan
-nan, nan
-nan, nan
-nan, nan
-nan, nan
-nan, nan
-nan, nan
-nan, nan
-nan, nan
-nan, nan
-nan, nan
-nan, nan
-nan, nan
-nan, nan
-nan, nan
-nan, nan
-nan, nan
-nan, nan
-nan, nan
-nan, nan
-nan, nan
-nan, nan
-nan, nan
-nan, nan
-nan, nan
-nan, nan
-nan, nan
-nan, nan
-nan, nan
-nan, nan
-nan, nan
-nan, nan
-nan, nan
-nan, nan
-nan, nan
-nan, nan
-nan, nan
-nan, nan
-nan, nan
-nan, nan
-nan, nan
-nan, nan
-nan, nan
-nan, nan
-nan, nan
-nan, nan
-nan, nan
-nan, nan
-nan, nan
-nan, nan
-nan, nan
-nan, nan
-nan, nan
-nan, nan
-nan, nan
-nan, nan
-nan, nan
-nan, nan
-nan, nan
-nan, nan
-nan, nan
-nan, nan
-nan, nan
-nan, nan
-nan, nan
-nan, nan
-nan, nan
-nan, nan
-nan, nan
-nan, nan
-nan, nan
-nan, nan
-nan, nan
-nan, nan
-nan, nan
-nan, nan
-nan, nan
-nan, nan
-nan, nan
-nan, nan
-nan, nan
-nan, nan
-nan, nan
-nan, nan
-nan, nan
-nan, nan
-nan, nan
-nan, nan
-nan, nan
-nan, nan
-nan, nan
-nan, nan
-nan, nan
-nan, nan
-nan, nan
-nan, nan
-nan, nan
-nan, nan
-nan, nan
-nan, nan
-nan, nan
-nan, nan
-nan, nan
-nan, nan
-nan, nan
-nan, nan
-nan, nan
-nan, nan
-nan, nan
-nan, nan
-nan, nan
-nan, nan
-nan, nan
-nan, nan
-nan, nan
-nan, nan
-nan, nan
-nan, nan
-nan, nan
-nan, nan
-nan, nan
-nan, nan
-nan, nan
-nan, nan
-nan, nan
-nan, nan
-nan, nan
-nan, nan
-nan, nan
-nan, nan
-nan, nan
-nan, nan
-nan, nan
-nan, nan
-nan, nan
-nan, nan
-nan, nan
-nan, nan
-nan, nan
-nan, nan
-nan, nan
-nan, nan
-nan, nan
-nan, nan
-nan, nan
-nan, nan
-nan, nan
-nan, nan
-nan, nan
-nan, nan
-nan, nan
-nan, nan
-nan, nan
-nan, nan
-nan, nan
-nan, nan
-nan, nan
-nan, nan
-nan, nan
-nan, nan
-nan, nan
-nan, nan
-nan, nan
-nan, nan
-nan, nan
-nan, nan
-nan, nan
-nan, nan
-nan, nan
-nan, nan
-nan, nan
-nan, nan
-nan, nan
-nan, nan
-nan, nan
-nan, nan
-nan, nan
-nan, nan
-nan, nan
-nan, nan
-nan, nan
-nan, nan
-nan, nan
-nan, nan
-nan, nan
-nan, nan
-nan, nan
-nan, nan
-nan, nan
-nan, nan
-nan, nan
-nan, nan
-nan, nan
-nan, nan
-nan, nan
-nan, nan
-nan, nan
-nan, nan
-nan, nan
-nan, nan
-nan, nan
-nan, nan
-nan, nan
-nan, nan
-nan, nan
-nan, nan
-nan, nan
-nan, nan
-nan, nan
-nan, nan
-nan, nan
-nan, nan
-nan, nan
-nan, nan
-nan, nan
-nan, nan
-nan, nan
-nan, nan
-nan, nan
-nan, nan
-nan, nan
-nan, nan
-nan, nan
-nan, nan
-nan, nan
-nan, nan
-nan, nan
-nan, nan
-nan, nan
-nan, nan
-nan, nan
-nan, nan
-nan, nan
-nan, nan
-nan, nan
-nan, nan
-nan, nan
-nan, nan
-nan, nan
-nan, nan
-nan, nan
-nan, nan
-nan, nan
-nan, nan
-nan, nan
-nan, nan
-nan, nan
-nan, nan
-nan, nan
-nan, nan
-nan, nan
-nan, nan
-nan, nan
-nan, nan
-nan, nan
-nan, nan
-nan, nan
-nan, nan
-nan, nan
-nan, nan
-nan, nan
-nan, nan
-nan, nan
-nan, nan
-nan, nan
-nan, nan
-nan, nan
-nan, nan
-nan, nan
-nan, nan
-nan, nan
-nan, nan
-nan, nan
-nan, nan
-nan, nan
-nan, nan
-nan, nan
-nan, nan
-nan, nan
-nan, nan
-nan, nan
-nan, nan
-nan, nan
-nan, nan
-nan, nan
-nan, nan
-nan, nan
-nan, nan
-nan, nan
-nan, nan
-nan, nan
-nan, nan
-nan, nan
-nan, nan
-nan, nan
-nan, nan
-nan, nan
-nan, nan
-nan, nan
-nan, nan
-nan, nan
-nan, nan
-nan, nan
-nan, nan
-nan, nan
-nan, nan
-nan, nan
-nan, nan
-nan, nan
-nan, nan
-nan, nan
-nan, nan
-nan, nan
-nan, nan
-nan, nan
-nan, nan
-nan, nan
-nan, nan
-nan, nan
-nan, nan
-nan, nan
-nan, nan
-nan, nan
-nan, nan
-nan, nan
-nan, nan
-nan, nan
-nan, nan
-nan, nan
-nan, nan
-nan, nan
-nan, nan
-nan, nan
-nan, nan
-nan, nan
-nan, nan
-nan, nan
-nan, nan
-nan, nan
-nan, nan
-nan, nan
-nan, nan
-nan, nan
-nan, nan
-nan, nan
-nan, nan
-nan, nan
-nan, nan
-nan, nan
-nan, nan
-nan, nan
-nan, nan
-nan, nan
-nan, nan
-nan, nan
-nan, nan
-nan, nan
-nan, nan
-nan, nan
-nan, nan
-nan, nan
-nan, nan
-nan, nan
-nan, nan
-nan, nan
-nan, nan
-nan, nan
-nan, nan
-nan, nan
-nan, nan
-nan, nan
-nan, nan
-nan, nan
-nan, nan
-nan, nan
-nan, nan
-nan, nan
-nan, nan
-nan, nan
-nan, nan
-nan, nan
-nan, nan
-nan, nan
-nan, nan
-nan, nan
-nan, nan
-nan, nan
-nan, nan
-nan, nan
-nan, nan
-nan, nan
-nan, nan
-nan, nan
-nan, nan
-nan, nan
-nan, nan
-nan, nan
-nan, nan
-nan, nan
-nan, nan
-nan, nan
-nan, nan
-nan, nan
-nan, nan
-nan, nan
-nan, nan
-nan, nan
-nan, nan
-nan, nan
-nan, nan
-nan, nan
-nan, nan
-nan, nan
-nan, nan
-nan, nan
-nan, nan
-nan, nan
-nan, nan
-nan, nan
-nan, nan
-nan, nan
-nan, nan
-nan, nan
-nan, nan
-nan, nan
-nan, nan
-nan, nan
-nan, nan
-nan, nan
-nan, nan
-nan, nan
-nan, nan
-nan, nan
-nan, nan
-nan, nan
-nan, nan
-nan, nan
-nan, nan
-nan, nan
-nan, nan
-nan, nan
-nan, nan
-nan, nan
-nan, nan
-nan, nan
-nan, nan
-nan, nan
-nan, nan
-nan, nan
-nan, nan
-nan, nan
-nan, nan
-nan, nan
-nan, nan
-nan, nan
-nan, nan
-nan, nan
-nan, nan
-nan, nan
-nan, nan
-nan, nan
-nan, nan
-nan, nan
-nan, nan
-nan, nan
-nan, nan
-nan, nan
-nan, nan
-nan, nan
-nan, nan
-nan, nan
-nan, nan
-nan, nan
-nan, nan
-nan, nan
-nan, nan
-nan, nan
-nan, nan
-nan, nan
-nan, nan
-nan, nan
-nan, nan
-nan, nan
-nan, nan
-nan, nan
-nan, nan
-nan, nan
-nan, nan
-nan, nan
-nan, nan
-nan, nan
-nan, nan
-nan, nan
-nan, nan
-nan, nan
-nan, nan
-nan, nan
-nan, nan
-nan, nan
-nan, nan
-nan, nan
-nan, nan
-nan, nan
-nan, nan
-nan, nan
-nan, nan
-nan, nan
-nan, nan
-nan, nan
-nan, nan
-nan, nan
-nan, nan
-nan, nan
-nan, nan
-nan, nan
-nan, nan
-nan, nan
-nan, nan
-nan, nan
-nan, nan
-nan, nan
-nan, nan
-nan, nan
-nan, nan
-nan, nan
-nan, nan
-nan, nan
-nan, nan
-nan, nan
-nan, nan
-nan, nan
-nan, nan
-nan, nan
-nan, nan
-nan, nan
-nan, nan
-nan, nan
-nan, nan
-nan, nan
-nan, nan
-nan, nan
-nan, nan
-nan, nan
-nan, nan
-nan, nan
-nan, nan
-nan, nan
-nan, nan
-nan, nan
-nan, nan
-nan, nan
-nan, nan
-nan, nan
-nan, nan
-nan, nan
-nan, nan
-nan, nan
-nan, nan
-nan, nan
-nan, nan
-nan, nan
-nan, nan
-nan, nan
-nan, nan
-nan, nan
-nan, nan
-nan, nan
-nan, nan
-nan, nan
-nan, nan
-nan, nan
-nan, nan
-nan, nan
-nan, nan
-nan, nan
-nan, nan
-nan, nan
-nan, nan
-nan, nan
-nan, nan
-nan, nan
-nan, nan
-nan, nan
-nan, nan
-nan, nan
-nan, nan
-nan, nan
-nan, nan
-nan, nan
-nan, nan
-nan, nan
-nan, nan
-nan, nan
-nan, nan
-nan, nan
-nan, nan
-nan, nan
-nan, nan
-nan, nan
-nan, nan
-nan, nan
-nan, nan
-nan, nan
-nan, nan
-nan, nan
-nan, nan
-nan, nan
-nan, nan
-nan, nan
-nan, nan
-nan, nan
-nan, nan
-nan, nan
-nan, nan
-nan, nan
-nan, nan
-nan, nan
-nan, nan
-nan, nan
-nan, nan
-nan, nan
-nan, nan
-nan, nan
-nan, nan
-nan, nan
-nan, nan
-nan, nan
-nan, nan
-nan, nan
-nan, nan
-nan, nan
-nan, nan
-nan, nan
-nan, nan
-nan, nan
-nan, nan
-nan, nan
-nan, nan
-nan, nan
-nan, nan
-nan, nan
-nan, nan
-nan, nan
-nan, nan
-nan, nan
-nan, nan
-nan, nan
-nan, nan
-nan, nan
-nan, nan
-nan, nan
-nan, nan
-nan, nan
-nan, nan
-nan, nan
-nan, nan
-nan, nan
-nan, nan
-nan, nan
-nan, nan
-nan, nan
-nan, nan
-nan, nan
-nan, nan
-nan, nan
-nan, nan
-nan, nan
-nan, nan
-nan, nan
-nan, nan
-nan, nan
-nan, nan
-nan, nan
-nan, nan
-nan, nan
-nan, nan
-nan, nan
-nan, nan
-nan, nan
-nan, nan
-nan, nan
-nan, nan
-nan, nan
-nan, nan
-nan, nan
-nan, nan
-nan, nan
-nan, nan
-nan, nan
-nan, nan
-nan, nan
-nan, nan
-nan, nan
-nan, nan
-nan, nan
-nan, nan
-nan, nan
-nan, nan
-nan, nan
-nan, nan
-nan, nan
-nan, nan
-nan, nan
-nan, nan
-nan, nan
-nan, nan
-nan, nan
-nan, nan
-nan, nan
-nan, nan
-nan, nan
-nan, nan
-nan, nan
-nan, nan
-nan, nan
-nan, nan
-nan, nan
-nan, nan
-nan, nan
-nan, nan
-nan, nan
-nan, nan
-nan, nan
-nan, nan
-nan, nan
-nan, nan
-nan, nan
-nan, nan
-nan, nan
-nan, nan
-nan, nan
-nan, nan
-nan, nan
-nan, nan
-nan, nan
-nan, nan
-nan, nan
-nan, nan
-nan, nan
-nan, nan
-nan, nan
-nan, nan
-nan, nan
-nan, nan
-nan, nan
-nan, nan
-nan, nan
-nan, nan
-nan, nan
-nan, nan
-nan, nan
-nan, nan
-nan, nan
-nan, nan
-nan, nan
-nan, nan
-nan, nan
-nan, nan
-nan, nan
-nan, nan
-nan, nan
-nan, nan
-nan, nan
-nan, nan
-nan, nan
-nan, nan
-nan, nan
-nan, nan
-nan, nan
-nan, nan
-nan, nan
-nan, nan
-nan, nan
-nan, nan
-nan, nan
-nan, nan
-nan, nan
-nan, nan
-nan, nan
-nan, nan
-nan, nan
-nan, nan
-nan, nan
-nan, nan
-nan, nan
-nan, nan
-nan, nan
-nan, nan
-nan, nan
-nan, nan
-nan, nan
-nan, nan
-nan, nan
-nan, nan
-nan, nan
-nan, nan
-nan, nan
-nan, nan
-nan, nan
-nan, nan
-nan, nan
-nan, nan
-nan, nan
-nan, nan
-nan, nan
-nan, nan
-nan, nan
-nan, nan
-nan, nan
-nan, nan
-nan, nan
-nan, nan
-nan, nan
-nan, nan
-nan, nan
-nan, nan
-nan, nan
-nan, nan
-nan, nan
-nan, nan
-nan, nan
-nan, nan
-nan, nan
-nan, nan
-nan, nan
-nan, nan
-nan, nan
-nan, nan
-nan, nan
-nan, nan
-nan, nan
-nan, nan
-nan, nan
-nan, nan
-nan, nan
-nan, nan
-nan, nan
-nan, nan
-nan, nan
-nan, nan
-nan, nan
-nan, nan
-nan, nan
-nan, nan
-nan, nan
-nan, nan
-nan, nan
-nan, nan
-nan, nan
-nan, nan
-nan, nan
-nan, nan
-nan, nan
-nan, nan
-nan, nan
-nan, nan
-nan, nan
-nan, nan
-nan, nan
-nan, nan
-nan, nan
-nan, nan
-nan, nan
-nan, nan
-nan, nan
-nan, nan
-nan, nan
-nan, nan
-nan, nan
-nan, nan
-nan, nan
-nan, nan
-nan, nan
-nan, nan
-nan, nan
-nan, nan
-nan, nan
-nan, nan
-nan, nan
-nan, nan
-nan, nan
-nan, nan
-nan, nan
-nan, nan
-nan, nan
-nan, nan
-nan, nan
-nan, nan
-nan, nan
-nan, nan
-nan, nan
-nan, nan
-nan, nan
-nan, nan
-nan, nan
-nan, nan
-nan, nan
-nan, nan
-nan, nan
-nan, nan
-nan, nan
-nan, nan
-nan, nan
-nan, nan
-nan, nan
-nan, nan
-nan, nan
-nan, nan
-nan, nan
-nan, nan
-nan, nan
-nan, nan
-nan, nan
-nan, nan
-nan, nan
-nan, nan
-nan, nan
-nan, nan
-nan, nan
-nan, nan
-nan, nan
-nan, nan
-nan, nan
-nan, nan
-nan, nan
-nan, nan
-nan, nan
-nan, nan
-nan, nan
-nan, nan
-nan, nan
-nan, nan
-nan, nan
-nan, nan
-nan, nan
-nan, nan
-nan, nan
-nan, nan
-nan, nan
-nan, nan
-nan, nan
-nan, nan
-nan, nan
-nan, nan
-nan, nan
-nan, nan
-nan, nan
-nan, nan
-nan, nan
-nan, nan
-nan, nan
-nan, nan
-nan, nan
-nan, nan
-nan, nan
-nan, nan
-nan, nan
-nan, nan
-nan, nan
-nan, nan
-nan, nan
-nan, nan
-nan, nan
-nan, nan
-nan, nan
-nan, nan
-nan, nan
-nan, nan
-nan, nan
-nan, nan
-nan, nan
-nan, nan
-nan, nan
-nan, nan
-nan, nan
-nan, nan
-nan, nan
-nan, nan
-nan, nan
-nan, nan
-nan, nan
-nan, nan
-nan, nan
-nan, nan
-nan, nan
-nan, nan
-nan, nan
-nan, nan
-nan, nan
-nan, nan
-nan, nan
-nan, nan
-nan, nan
-nan, nan
-nan, nan
-nan, nan
-nan, nan
-nan, nan
-nan, nan
-nan, nan
-nan, nan
-nan, nan
-nan, nan
-nan, nan
-nan, nan
-nan, nan
-nan, nan
-nan, nan
-nan, nan
-nan, nan
-nan, nan
-nan, nan
-nan, nan
-nan, nan
-nan, nan
-nan, nan
-nan, nan
-nan, nan
-nan, nan
-nan, nan
-nan, nan
-nan, nan
-nan, nan
-nan, nan
-nan, nan
-nan, nan
-nan, nan
-nan, nan
-nan, nan
-nan, nan
-nan, nan
-nan, nan
-nan, nan
-nan, nan
-nan, nan
-nan, nan
-nan, nan
-nan, nan
-nan, nan
-nan, nan
-nan, nan
-nan, nan
-nan, nan
-nan, nan
-nan, nan
-nan, nan
-nan, nan
-nan, nan
-nan, nan
-nan, nan
-nan, nan
-nan, nan
-nan, nan
-nan, nan
-nan, nan
-nan, nan
-nan, nan
-nan, nan
-nan, nan
-nan, nan
-nan, nan
-nan, nan
-nan, nan
-nan, nan
-nan, nan
-nan, nan
-nan, nan
-nan, nan
-nan, nan
-nan, nan
-nan, nan
-nan, nan
-nan, nan
-nan, nan
-nan, nan
-nan, nan
-nan, nan
-nan, nan
-nan, nan
-nan, nan
-nan, nan
-nan, nan
-nan, nan
-nan, nan
-nan, nan
-nan, nan
-nan, nan
-nan, nan
-nan, nan
-nan, nan
-nan, nan
-nan, nan
-nan, nan
-nan, nan
-nan, nan
-nan, nan
-nan, nan
-nan, nan
-nan, nan
-nan, nan
-nan, nan
-nan, nan
-nan, nan
-nan, nan
-nan, nan
-nan, nan
-nan, nan
-nan, nan
-nan, nan
-nan, nan
-nan, nan
-nan, nan
-nan, nan
-nan, nan
-nan, nan
-nan, nan
-nan, nan
-nan, nan
-nan, nan
-nan, nan
-nan, nan
-nan, nan
-nan, nan
-nan, nan
-nan, nan
-nan, nan
-nan, nan
-nan, nan
-nan, nan
-nan, nan
-nan, nan
-nan, nan
-nan, nan
-nan, nan
-nan, nan
-nan, nan
-nan, nan
-nan, nan
-nan, nan
-nan, nan
-nan, nan
-nan, nan
-nan, nan
-nan, nan
-nan, nan
-nan, nan
-nan, nan
-nan, nan
-nan, nan
-nan, nan
-nan, nan
-nan, nan
-nan, nan
-nan, nan
-nan, nan
-nan, nan
-nan, nan
-nan, nan
-nan, nan
-nan, nan
-nan, nan
-nan, nan
-nan, nan
-nan, nan
-nan, nan
-nan, nan
-nan, nan
-nan, nan
-nan, nan
-nan, nan
-nan, nan
-nan, nan
-nan, nan
-nan, nan
-nan, nan
-nan, nan
-nan, nan
-nan, nan
-nan, nan
-nan, nan
-nan, nan
-nan, nan
-nan, nan
-nan, nan
-nan, nan
-nan, nan
-nan, nan
-nan, nan
-nan, nan
-nan, nan
-nan, nan
-nan, nan
-nan, nan
-nan, nan
-nan, nan
-nan, nan
-nan, nan
-nan, nan
-nan, nan
-nan, nan
-nan, nan
-nan, nan
-nan, nan
-nan, nan
-nan, nan
-nan, nan
-nan, nan
-nan, nan
-nan, nan
-nan, nan
-nan, nan
-nan, nan
-nan, nan
-nan, nan
-nan, nan
-nan, nan
-nan, nan
-nan, nan
-nan, nan
-nan, nan
-nan, nan
-nan, nan
-nan, nan
-nan, nan
-nan, nan
-nan, nan
-nan, nan
-nan, nan
-nan, nan
-nan, nan
-nan, nan
-nan, nan
-nan, nan
-nan, nan
-nan, nan
-nan, nan
-nan, nan
-nan, nan
-nan, nan
-nan, nan
-nan, nan
-nan, nan
-nan, nan
-nan, nan
-nan, nan
-nan, nan
-nan, nan
-nan, nan
-nan, nan
-nan, nan
-nan, nan
-nan, nan
-nan, nan
-nan, nan
-nan, nan
-nan, nan
-nan, nan
-nan, nan
-nan, nan
-nan, nan
-nan, nan
-nan, nan
-nan, nan
-nan, nan
-nan, nan
-nan, nan
-nan, nan
-nan, nan
-nan, nan
-nan, nan
-nan, nan
-nan, nan
-nan, nan
-nan, nan
-nan, nan
-nan, nan
-nan, nan
-nan, nan
-nan, nan
-nan, nan
-nan, nan
-nan, nan
-nan, nan
-nan, nan
-nan, nan
-nan, nan
-nan, nan
-nan, nan
-nan, nan
-nan, nan
-nan, nan
-nan, nan
-nan, nan
-nan, nan
-nan, nan
-nan, nan
-nan, nan
-nan, nan
-nan, nan
-nan, nan
-nan, nan
-nan, nan
-nan, nan
-nan, nan
-nan, nan
-nan, nan
-nan, nan
-nan, nan
-nan, nan
-nan, nan
-nan, nan
-nan, nan
-nan, nan
-nan, nan
-nan, nan
-nan, nan
-nan, nan
-nan, nan
-nan, nan
-nan, nan
-nan, nan
-nan, nan
-nan, nan
-nan, nan
-nan, nan
-nan, nan
-nan, nan
-nan, nan
-nan, nan
-nan, nan
-nan, nan
-nan, nan
-nan, nan
-nan, nan
-nan, nan
-nan, nan
-nan, nan
-nan, nan
-nan, nan
-nan, nan
-nan, nan
-nan, nan
-nan, nan
-nan, nan
-nan, nan
-nan, nan
-nan, nan
-nan, nan
-nan, nan
-nan, nan
-nan, nan
-nan, nan
-nan, nan
-nan, nan
-nan, nan
-nan, nan
-nan, nan
-nan, nan
-nan, nan
-nan, nan
-nan, nan
-nan, nan
-nan, nan
-nan, nan
-nan, nan
-nan, nan
-nan, nan
-nan, nan
-nan, nan
-nan, nan
-nan, nan
-nan, nan
-nan, nan
-nan, nan
-nan, nan
-nan, nan
-nan, nan
-nan, nan
-nan, nan
-nan, nan
-nan, nan
-nan, nan
-nan, nan
-nan, nan
-nan, nan
-nan, nan
-nan, nan
-nan, nan
-nan, nan
-nan, nan
-nan, nan
-nan, nan
-nan, nan
-nan, nan
-nan, nan
-nan, nan
-nan, nan
-nan, nan
-nan, nan
-nan, nan
-nan, nan
-nan, nan
-nan, nan
-nan, nan
-nan, nan
-nan, nan
-nan, nan
-nan, nan
-nan, nan
-nan, nan
-nan, nan
-nan, nan
-nan, nan
-nan, nan
-nan, nan
-nan, nan
-nan, nan
-nan, nan
-nan, nan
-nan, nan
-nan, nan
-nan, nan
-nan, nan
-nan, nan
-nan, nan
-nan, nan
-nan, nan
-nan, nan
-nan, nan
-nan, nan
-nan, nan
-nan, nan
-nan, nan
-nan, nan
-nan, nan
-nan, nan
-nan, nan
-nan, nan
-nan, nan
-nan, nan
-nan, nan
-nan, nan
-nan, nan
-nan, nan
-nan, nan
-nan, nan
-nan, nan
-nan, nan
-nan, nan
-nan, nan
-nan, nan
-nan, nan
-nan, nan
-nan, nan
-nan, nan
-nan, nan
-nan, nan
-nan, nan
-nan, nan
-nan, nan
-nan, nan
-nan, nan
-nan, nan
-nan, nan
-nan, nan
-nan, nan
-nan, nan
-nan, nan
-nan, nan
-nan, nan
-nan, nan
-nan, nan
-nan, nan
-nan, nan
-nan, nan
-nan, nan
-nan, nan
-nan, nan
-nan, nan
-nan, nan
-nan, nan
-nan, nan
-nan, nan
-nan, nan
-nan, nan
-nan, nan
-nan, nan
-nan, nan
-nan, nan
-nan, nan
-nan, nan
-nan, nan
-nan, nan
-nan, nan
-nan, nan
-nan, nan
-nan, nan
-nan, nan
-nan, nan
-nan, nan
-nan, nan
-nan, nan
-nan, nan
-nan, nan
-nan, nan
-nan, nan
-nan, nan
-nan, nan
-nan, nan
-nan, nan
-nan, nan
-nan, nan
-nan, nan
-nan, nan
-nan, nan
-nan, nan
-nan, nan
-nan, nan
-nan, nan
-nan, nan
-nan, nan
-nan, nan
-nan, nan
-nan, nan
-nan, nan
-nan, nan
-nan, nan
-nan, nan
-nan, nan
-nan, nan
-nan, nan
-nan, nan
-nan, nan
-nan, nan
-nan, nan
-nan, nan
-nan, nan
-nan, nan
-nan, nan
-nan, nan
-nan, nan
-nan, nan
-nan, nan
-nan, nan
-nan, nan
-nan, nan
-nan, nan
-nan, nan
-nan, nan
-nan, nan
-nan, nan
-nan, nan
-nan, nan
-nan, nan
-nan, nan
-nan, nan
-nan, nan
-nan, nan
-nan, nan
-nan, nan
-nan, nan
-nan, nan
-nan, nan
-nan, nan
-nan, nan
-nan, nan
-nan, nan
-nan, nan
-nan, nan
-nan, nan
-nan, nan
-nan, nan
-nan, nan
-nan, nan
-nan, nan
-nan, nan
-nan, nan
